Running SLURM prolog script on ecsai02
===============================================================================
Job started on Thu Sep  3 22:47:29 BST 2026
Job ID          : 1508068
Job name        : grn-exp3
WorkDir         : /iridisfs/home/jm2e25/Heb-s-Rule-GRN
Command         : /iridisfs/home/jm2e25/Heb-s-Rule-GRN/job_experiment3.sh
Partition       : ecsstudents_l4
Num hosts       : 1
Num cores       : 4
Num of tasks    : 1
Hosts allocated : ecsai02
Job Output Follows ...
===============================================================================
host      : ecsai02
started   : Thu Sep  3 22:47:39 BST 2026
python    : /home/jm2e25/.conda/envs/grn/bin/python
numpy 2.4.3 | matplotlib 3.11.1
----------------------------------------------------------------------
----------------------------------------------------------------------
finished  : Thu Sep  3 23:14:38 BST 2026  (exit 0)
==============================================================================
Running epilogue script on ecsai02.

Submit time  : 2026-09-03T22:47:28
Start time   : 2026-09-03T22:47:29
End time     : 2026-09-03T23:14:38
Elapsed time : 00:27:09 (Timelimit=01:00:00)

Job ID: 1508068
Cluster: iridis_x
User/Group: jm2e25/fp
State: COMPLETED (exit code 0)
Nodes: 1
Cores per node: 4
CPU Utilized: 01:47:17
CPU Efficiency: 98.79% of 01:48:36 core-walltime
Job Wall-clock time: 00:27:09
Memory Utilized: 232.67 MB
Memory Efficiency: 1.42% of 16.00 GB (16.00 GB/node)

